import React from 'react';
import ReactDOM from 'react-dom';
import renderer from 'react-test-renderer';
import Item from './Items.js';

describe('Item component', ()=> {
it('renders without crashing', () => {
  const div = document.createElement('div');
    ReactDOM.render(<Item />, div);
    ReactDOM.unmountComponentAtNode(div);
});

it('renders amount of card clicks with no clicks', ()=> {
  const tree = renderer
  .create(<Item name="items" Item={0}/>)
  .toJSON();
  expected(tree).toMatchSnapSHot();
});
});